// Jest Snapshot v1, https://goo.gl/fbAQLP

exports[`renders correctly with defaults 1`] = `
<View
  style={
    Object {
      "alignItems": "center",
      "alignSelf": "center",
    }
  }
>
  <ActivityIndicator
    animating={true}
    color="#999999"
    hidesWhenStopped={true}
    size="small"
  />
  <Text
    style={
      Object {
        "marginTop": 10,
      }
    }
  >
    Please wait ...
  </Text>
</View>
`;
